(-1, -1)     Module               	prefix=||	suffix=||	indent=||
(1, 0)       Expr                 	prefix=||	suffix=|\n|	indent=||
(1, 0)       Compare              	prefix=||	suffix=||	indent=||
(1, 0)       Name a               	prefix=||	suffix=| |	indent=||
(-1, -1)     NotEq                	prefix=||	suffix=||	indent=||
(1, 5)       Name b               	prefix=||	suffix=||	indent=||
(-1, -1)     Load                 	prefix=||	suffix=||	indent=||
(-1, -1)     Load                 	prefix=||	suffix=||	indent=||
