(-1, -1)     Module               	prefix=||	suffix=||	indent=||
(1, 0)       Import               	prefix=||	suffix=|\n|	indent=||
(3, 0)       Import               	prefix=|\n|	suffix=|\n|	indent=||
(5, 0)       Import               	prefix=|\n|	suffix=|\n|	indent=||
(7, 0)       Import               	prefix=|\n|	suffix=|\n|	indent=||
(9, 0)       Import               	prefix=|\n|	suffix=|\n|	indent=||
(11, 0)      Import               	prefix=|\n|	suffix=|\n|	indent=||
(-1, -1)     alias a              	prefix=||	suffix=||	indent=||
(-1, -1)     alias b              	prefix=||	suffix=||	indent=||
(-1, -1)     alias c              	prefix=||	suffix=||	indent=||
(-1, -1)     alias d              	prefix=||	suffix=||	indent=||
(-1, -1)     alias f              	prefix=||	suffix=||	indent=||
(-1, -1)     alias g              	prefix=||	suffix=||	indent=||
(-1, -1)     alias i              	prefix=||	suffix=||	indent=||
(-1, -1)     alias j              	prefix=||	suffix=||	indent=||
(-1, -1)     alias l              	prefix=||	suffix=||	indent=||
(-1, -1)     alias n              	prefix=||	suffix=||	indent=||
(-1, -1)     alias p.q.r          	prefix=||	suffix=||	indent=||
(-1, -1)     alias t.u.v          	prefix=||	suffix=||	indent=||
