(-1, -1)     Module               	prefix=||	suffix=||	indent=||
(1, 0)       Expr                 	prefix=||	suffix=|\n|	indent=||
(3, 0)       Expr                 	prefix=|\n|	suffix=|\n|	indent=||
(5, 0)       Expr                 	prefix=|\n|	suffix=|\n|	indent=||
(1, 0)       Lambda               	prefix=||	suffix=||	indent=||
(3, 0)       Lambda               	prefix=||	suffix=||	indent=||
(5, 0)       Lambda               	prefix=||	suffix=||	indent=||
(-1, -1)     arguments            	prefix=||	suffix=||	indent=||
(1, 10)      Name b               	prefix=||	suffix=||	indent=||
(-1, -1)     arguments            	prefix=||	suffix=||	indent=||
(3, 15)      Name f               	prefix=||	suffix=||	indent=||
(-1, -1)     arguments            	prefix=||	suffix=||	indent=||
(5, 41)      Name o               	prefix=||	suffix=||	indent=||
(1, 7)       Name a               	prefix=||	suffix=||	indent=||
(-1, -1)     Load                 	prefix=||	suffix=||	indent=||
(3, 7)       Name c               	prefix=||	suffix=||	indent=||
(3, 10)      Name d               	prefix=||	suffix=||	indent=||
(3, 12)      Name e               	prefix=||	suffix=||	indent=||
(-1, -1)     Load                 	prefix=||	suffix=||	indent=||
(5, 11)      Name g               	prefix=||	suffix=|  |	indent=||
(5, 15)      Name h               	prefix=||	suffix=||	indent=||
(5, 17)      Name i               	prefix=||	suffix=| |	indent=||
(5, 27)      Name k               	prefix=||	suffix=||	indent=||
(5, 22)      Name j               	prefix=||	suffix=| |	indent=||
(5, 29)      Name l               	prefix=||	suffix=||	indent=||
(-1, -1)     Load                 	prefix=||	suffix=||	indent=||
(-1, -1)     Param                	prefix=||	suffix=||	indent=||
(-1, -1)     Param                	prefix=||	suffix=||	indent=||
(-1, -1)     Param                	prefix=||	suffix=||	indent=||
(-1, -1)     Load                 	prefix=||	suffix=||	indent=||
(-1, -1)     Param                	prefix=||	suffix=||	indent=||
(-1, -1)     Param                	prefix=||	suffix=||	indent=||
(-1, -1)     Param                	prefix=||	suffix=||	indent=||
(-1, -1)     Param                	prefix=||	suffix=||	indent=||
(-1, -1)     Load                 	prefix=||	suffix=||	indent=||
(-1, -1)     Load                 	prefix=||	suffix=||	indent=||
