(-1, -1)     Module               	prefix=||	suffix=||	indent=||
(1, 0)       Expr                 	prefix=||	suffix=|\n|	indent=||
(3, 0)       Expr                 	prefix=|\n|	suffix=|\n|	indent=||
(5, 0)       Expr                 	prefix=|\n|	suffix=|\n|	indent=||
(7, 0)       Expr                 	prefix=|\n|	suffix=|\n|	indent=||
(9, 0)       Expr                 	prefix=|\n|	suffix=|\n|	indent=||
(11, 0)      Expr                 	prefix=|\n|	suffix=|\n|	indent=||
(15, 0)      Expr                 	prefix=|\n|	suffix=|\n|	indent=||
(1, 0)       BinOp                	prefix=||	suffix=||	indent=||
(3, 0)       BinOp                	prefix=||	suffix=||	indent=||
(5, 0)       BinOp                	prefix=||	suffix=||	indent=||
(7, 0)       BinOp                	prefix=||	suffix=||	indent=||
(9, 0)       BinOp                	prefix=||	suffix=||	indent=||
(12, 4)      BinOp                	prefix=|(\n    |	suffix=|\n)|	indent=||
(15, 1)      BinOp                	prefix=|(|	suffix=|)|	indent=||
(1, 0)       Name a               	prefix=||	suffix=| |	indent=||
(-1, -1)     Add                  	prefix=||	suffix=||	indent=||
(1, 4)       Name b               	prefix=||	suffix=||	indent=||
(3, 0)       Name c               	prefix=||	suffix=| |	indent=||
(-1, -1)     Sub                  	prefix=||	suffix=||	indent=||
(3, 4)       Name d               	prefix=||	suffix=||	indent=||
(5, 0)       Name e               	prefix=||	suffix=| |	indent=||
(-1, -1)     Div                  	prefix=||	suffix=||	indent=||
(5, 4)       Name f               	prefix=||	suffix=||	indent=||
(7, 0)       Name g               	prefix=||	suffix=| |	indent=||
(-1, -1)     Add                  	prefix=||	suffix=||	indent=||
(7, 5)       BinOp                	prefix=|(|	suffix=|)|	indent=||
(9, 0)       BinOp                	prefix=||	suffix=||	indent=||
(-1, -1)     BitOr                	prefix=||	suffix=||	indent=||
(9, 25)      BinOp                	prefix=||	suffix=||	indent=||
(12, 4)      Name a               	prefix=||	suffix=| |	indent=||
(-1, -1)     Add                  	prefix=||	suffix=||	indent=||
(12, 8)      Name b               	prefix=||	suffix=||	indent=||
(15, 1)      Name c               	prefix=||	suffix=| |	indent=||
(-1, -1)     Add                  	prefix=||	suffix=||	indent=||
(16, 1)      Name d               	prefix=||	suffix=||	indent=||
(-1, -1)     Load                 	prefix=||	suffix=||	indent=||
(-1, -1)     Load                 	prefix=||	suffix=||	indent=||
(-1, -1)     Load                 	prefix=||	suffix=||	indent=||
(-1, -1)     Load                 	prefix=||	suffix=||	indent=||
(-1, -1)     Load                 	prefix=||	suffix=||	indent=||
(-1, -1)     Load                 	prefix=||	suffix=||	indent=||
(-1, -1)     Load                 	prefix=||	suffix=||	indent=||
(7, 5)       Name h               	prefix=||	suffix=| |	indent=||
(-1, -1)     Add                  	prefix=||	suffix=||	indent=||
(7, 9)       Name i               	prefix=||	suffix=||	indent=||
(9, 0)       BinOp                	prefix=||	suffix=||	indent=||
(-1, -1)     BitAnd               	prefix=||	suffix=||	indent=||
(9, 22)      Name o               	prefix=||	suffix=| |	indent=||
(9, 25)      Name p               	prefix=||	suffix=| |	indent=||
(-1, -1)     RShift               	prefix=||	suffix=||	indent=||
(9, 31)      Name q               	prefix=||	suffix=||	indent=||
(-1, -1)     Load                 	prefix=||	suffix=||	indent=||
(-1, -1)     Load                 	prefix=||	suffix=||	indent=||
(-1, -1)     Load                 	prefix=||	suffix=||	indent=||
(-1, -1)     Load                 	prefix=||	suffix=||	indent=||
(-1, -1)     Load                 	prefix=||	suffix=||	indent=||
(-1, -1)     Load                 	prefix=||	suffix=||	indent=||
(9, 0)       BinOp                	prefix=||	suffix=| |	indent=||
(-1, -1)     LShift               	prefix=||	suffix=||	indent=||
(9, 19)      Name n               	prefix=||	suffix=| |	indent=||
(-1, -1)     Load                 	prefix=||	suffix=||	indent=||
(-1, -1)     Load                 	prefix=||	suffix=||	indent=||
(-1, -1)     Load                 	prefix=||	suffix=||	indent=||
(9, 0)       BinOp                	prefix=||	suffix=||	indent=||
(-1, -1)     Add                  	prefix=||	suffix=||	indent=||
(9, 8)       BinOp                	prefix=|(|	suffix=|)|	indent=||
(-1, -1)     Load                 	prefix=||	suffix=||	indent=||
(9, 0)       Name j               	prefix=||	suffix=||	indent=||
(-1, -1)     FloorDiv             	prefix=||	suffix=||	indent=||
(9, 3)       Name k               	prefix=||	suffix=|  |	indent=||
(9, 8)       Name l               	prefix=||	suffix=| |	indent=||
(-1, -1)     BitXor               	prefix=||	suffix=||	indent=||
(9, 11)      Name m               	prefix=||	suffix=| |	indent=||
(-1, -1)     Load                 	prefix=||	suffix=||	indent=||
(-1, -1)     Load                 	prefix=||	suffix=||	indent=||
(-1, -1)     Load                 	prefix=||	suffix=||	indent=||
(-1, -1)     Load                 	prefix=||	suffix=||	indent=||
