(-1, -1)     Module               	prefix=||	suffix=||	indent=||
(1, 0)       Expr                 	prefix=||	suffix=|\n|	indent=||
(3, 0)       Expr                 	prefix=|\n|	suffix=|\n|	indent=||
(5, 0)       Expr                 	prefix=|\n|	suffix=|\n|	indent=||
(7, 0)       Expr                 	prefix=|\n|	suffix=|\n|	indent=||
(9, 0)       Expr                 	prefix=|\n|	suffix=|\n|	indent=||
(13, 0)      Expr                 	prefix=|\n|	suffix=|\n|	indent=||
(15, 0)      Expr                 	prefix=|\n|	suffix=|\n|	indent=||
(1, 0)       List                 	prefix=||	suffix=||	indent=||
(3, 0)       List                 	prefix=||	suffix=||	indent=||
(5, 0)       List                 	prefix=||	suffix=||	indent=||
(7, 0)       List                 	prefix=||	suffix=||	indent=||
(9, 0)       List                 	prefix=||	suffix=||	indent=||
(13, 0)      List                 	prefix=||	suffix=||	indent=||
(15, 0)      List                 	prefix=||	suffix=||	indent=||
(1, 1)       Name a               	prefix=||	suffix=||	indent=||
(1, 3)       Name b               	prefix=||	suffix=||	indent=||
(1, 5)       Name c               	prefix=||	suffix=||	indent=||
(-1, -1)     Load                 	prefix=||	suffix=||	indent=||
(3, 3)       Name d               	prefix=||	suffix=| |	indent=||
(-1, -1)     Load                 	prefix=||	suffix=||	indent=||
(5, 1)       Name e               	prefix=||	suffix=||	indent=||
(5, 6)       Name f               	prefix=||	suffix=|  |	indent=||
(5, 10)      Name g               	prefix=||	suffix=| |	indent=||
(-1, -1)     Load                 	prefix=||	suffix=||	indent=||
(7, 1)       Name h               	prefix=||	suffix=||	indent=||
(7, 4)       Name i               	prefix=||	suffix=||	indent=||
(-1, -1)     Load                 	prefix=||	suffix=||	indent=||
(-1, -1)     Load                 	prefix=||	suffix=||	indent=||
(13, 1)      Tuple                	prefix=||	suffix=||	indent=||
(13, 9)      Name m               	prefix=||	suffix=||	indent=||
(13, 12)     Tuple                	prefix=||	suffix=||	indent=||
(13, 18)     Name o               	prefix=||	suffix=||	indent=||
(13, 21)     Tuple                	prefix=||	suffix=||	indent=||
(-1, -1)     Load                 	prefix=||	suffix=||	indent=||
(15, 1)      Name r               	prefix=||	suffix=||	indent=||
(-1, -1)     Load                 	prefix=||	suffix=||	indent=||
(-1, -1)     Load                 	prefix=||	suffix=||	indent=||
(-1, -1)     Load                 	prefix=||	suffix=||	indent=||
(-1, -1)     Load                 	prefix=||	suffix=||	indent=||
(-1, -1)     Load                 	prefix=||	suffix=||	indent=||
(-1, -1)     Load                 	prefix=||	suffix=||	indent=||
(-1, -1)     Load                 	prefix=||	suffix=||	indent=||
(-1, -1)     Load                 	prefix=||	suffix=||	indent=||
(-1, -1)     Load                 	prefix=||	suffix=||	indent=||
(-1, -1)     Load                 	prefix=||	suffix=||	indent=||
(13, 2)      Name k               	prefix=||	suffix=||	indent=||
(13, 5)      Name l               	prefix=||	suffix=||	indent=||
(-1, -1)     Load                 	prefix=||	suffix=||	indent=||
(-1, -1)     Load                 	prefix=||	suffix=||	indent=||
(13, 13)     Name n               	prefix=||	suffix=||	indent=||
(-1, -1)     Load                 	prefix=||	suffix=||	indent=||
(-1, -1)     Load                 	prefix=||	suffix=||	indent=||
(13, 22)     Name p               	prefix=||	suffix=||	indent=||
(13, 25)     Name q               	prefix=||	suffix=||	indent=||
(-1, -1)     Load                 	prefix=||	suffix=||	indent=||
(-1, -1)     Load                 	prefix=||	suffix=||	indent=||
(-1, -1)     Load                 	prefix=||	suffix=||	indent=||
(-1, -1)     Load                 	prefix=||	suffix=||	indent=||
(-1, -1)     Load                 	prefix=||	suffix=||	indent=||
(-1, -1)     Load                 	prefix=||	suffix=||	indent=||
(-1, -1)     Load                 	prefix=||	suffix=||	indent=||
