(-1, -1)     Module               	prefix=||	suffix=||	indent=||
(1, 0)       Expr                 	prefix=||	suffix=|\n|	indent=||
(3, 0)       Expr                 	prefix=|\n|	suffix=|\n|	indent=||
(5, 0)       Expr                 	prefix=|\n|	suffix=|\n|	indent=||
(10, 0)      Expr                 	prefix=|\n|	suffix=|\n|	indent=||
(15, 0)      Expr                 	prefix=|\n|	suffix=|\n|	indent=||
(19, 0)      Expr                 	prefix=|\n|	suffix=|\n|	indent=||
(1, 0)       Dict                 	prefix=||	suffix=||	indent=||
(3, 0)       Dict                 	prefix=||	suffix=||	indent=||
(5, 0)       Dict                 	prefix=||	suffix=||	indent=||
(10, 0)      Dict                 	prefix=||	suffix=||	indent=||
(15, 0)      Dict                 	prefix=||	suffix=||	indent=||
(19, 0)      Dict                 	prefix=||	suffix=||	indent=||
(1, 1)       Name a               	prefix=||	suffix=||	indent=||
(1, 4)       Name b               	prefix=||	suffix=||	indent=||
(3, 3)       Name c               	prefix=|  |	suffix=||	indent=||
(3, 9)       Name e               	prefix=||	suffix=||	indent=||
(3, 15)      Name g               	prefix=||	suffix=|   |	indent=||
(3, 6)       Name d               	prefix=||	suffix=||	indent=||
(3, 11)      Name f               	prefix=||	suffix=||	indent=||
(3, 22)      Name h               	prefix=||	suffix=|   |	indent=||
(6, 3)       Name i               	prefix=|\n   |	suffix=||	indent=||
(7, 1)       Name k               	prefix=||	suffix=|    |	indent=||
(8, 1)       Name n               	prefix=||	suffix=||	indent=||
(8, 6)       Name p               	prefix=||	suffix=||	indent=||
(6, 7)       Name j               	prefix=||	suffix=||	indent=||
(7, 11)      Name l               	prefix=||	suffix=|   |	indent=||
(8, 3)       Name o               	prefix=||	suffix=||	indent=||
(8, 8)       Name q               	prefix=||	suffix=|   |	indent=||
(11, 3)      Name r               	prefix=|\n   |	suffix=||	indent=||
(12, 3)      Name t               	prefix=||	suffix=||	indent=||
(11, 6)      Name s               	prefix=||	suffix=||	indent=||
(12, 6)      Name u               	prefix=||	suffix=||	indent=||
(19, 1)      Name w               	prefix=||	suffix=||	indent=||
(19, 4)      Name x               	prefix=||	suffix=||	indent=||
(-1, -1)     Load                 	prefix=||	suffix=||	indent=||
(-1, -1)     Load                 	prefix=||	suffix=||	indent=||
(-1, -1)     Load                 	prefix=||	suffix=||	indent=||
(-1, -1)     Load                 	prefix=||	suffix=||	indent=||
(-1, -1)     Load                 	prefix=||	suffix=||	indent=||
(-1, -1)     Load                 	prefix=||	suffix=||	indent=||
(-1, -1)     Load                 	prefix=||	suffix=||	indent=||
(-1, -1)     Load                 	prefix=||	suffix=||	indent=||
(-1, -1)     Load                 	prefix=||	suffix=||	indent=||
(-1, -1)     Load                 	prefix=||	suffix=||	indent=||
(-1, -1)     Load                 	prefix=||	suffix=||	indent=||
(-1, -1)     Load                 	prefix=||	suffix=||	indent=||
(-1, -1)     Load                 	prefix=||	suffix=||	indent=||
(-1, -1)     Load                 	prefix=||	suffix=||	indent=||
(-1, -1)     Load                 	prefix=||	suffix=||	indent=||
(-1, -1)     Load                 	prefix=||	suffix=||	indent=||
(-1, -1)     Load                 	prefix=||	suffix=||	indent=||
(-1, -1)     Load                 	prefix=||	suffix=||	indent=||
(-1, -1)     Load                 	prefix=||	suffix=||	indent=||
(-1, -1)     Load                 	prefix=||	suffix=||	indent=||
(-1, -1)     Load                 	prefix=||	suffix=||	indent=||
(-1, -1)     Load                 	prefix=||	suffix=||	indent=||
