(-1, -1)     Module               	prefix=||	suffix=||	indent=||
(1, 0)       Exec                 	prefix=||	suffix=|\n|	indent=||
(3, 0)       Exec                 	prefix=|\n|	suffix=|\n|	indent=||
(5, 0)       Exec                 	prefix=|\n|	suffix=|\n|	indent=||
(7, 0)       Exec                 	prefix=|\n|	suffix=|\n|	indent=||
(9, 0)       Exec                 	prefix=|\n|	suffix=|\n|	indent=||
(11, 0)      Exec                 	prefix=|\n|	suffix=|\n|	indent=||
(13, 0)      Exec                 	prefix=|\n|	suffix=|\n|	indent=||
(1, 5)       Name a               	prefix=||	suffix=||	indent=||
(3, 5)       Name b               	prefix=||	suffix=| |	indent=||
(3, 10)      Name c               	prefix=||	suffix=||	indent=||
(5, 9)       Name d               	prefix=||	suffix=|     |	indent=||
(5, 20)      Name e               	prefix=||	suffix=||	indent=||
(5, 22)      Name f               	prefix=||	suffix=||	indent=||
(7, 5)       Name g               	prefix=||	suffix=| |	indent=||
(7, 10)      Name h               	prefix=||	suffix=|   |	indent=||
(7, 17)      Name i               	prefix=||	suffix=||	indent=||
(9, 7)       Name j               	prefix=||	suffix=| |	indent=||
(11, 5)      Name k               	prefix=||	suffix=||	indent=||
(11, 8)      Name l               	prefix=||	suffix=||	indent=||
(13, 5)      Name m               	prefix=||	suffix=||	indent=||
(13, 8)      Name n               	prefix=||	suffix=||	indent=||
(13, 11)     Name o               	prefix=||	suffix=||	indent=||
(-1, -1)     Load                 	prefix=||	suffix=||	indent=||
(-1, -1)     Load                 	prefix=||	suffix=||	indent=||
(-1, -1)     Load                 	prefix=||	suffix=||	indent=||
(-1, -1)     Load                 	prefix=||	suffix=||	indent=||
(-1, -1)     Load                 	prefix=||	suffix=||	indent=||
(-1, -1)     Load                 	prefix=||	suffix=||	indent=||
(-1, -1)     Load                 	prefix=||	suffix=||	indent=||
(-1, -1)     Load                 	prefix=||	suffix=||	indent=||
(-1, -1)     Load                 	prefix=||	suffix=||	indent=||
(-1, -1)     Load                 	prefix=||	suffix=||	indent=||
(-1, -1)     Load                 	prefix=||	suffix=||	indent=||
(-1, -1)     Load                 	prefix=||	suffix=||	indent=||
(-1, -1)     Load                 	prefix=||	suffix=||	indent=||
(-1, -1)     Load                 	prefix=||	suffix=||	indent=||
(-1, -1)     Load                 	prefix=||	suffix=||	indent=||
