(-1, -1)     Module               	prefix=||	suffix=||	indent=||
(1, 0)       Expr                 	prefix=||	suffix=|\n|	indent=||
(3, 0)       Expr                 	prefix=|\n|	suffix=|\n|	indent=||
(5, 0)       Expr                 	prefix=|\n|	suffix=|\n|	indent=||
(7, 0)       Expr                 	prefix=|\n|	suffix=|\n|	indent=||
(1, 0)       IfExp                	prefix=||	suffix=||	indent=||
(3, 1)       IfExp                	prefix=|(|	suffix=|)|	indent=||
(5, 0)       IfExp                	prefix=||	suffix=||	indent=||
(7, 1)       IfExp                	prefix=|(|	suffix=|)|	indent=||
(1, 5)       Name b               	prefix=||	suffix=| |	indent=||
(1, 0)       Name a               	prefix=||	suffix=| |	indent=||
(1, 12)      Name c               	prefix=||	suffix=||	indent=||
(3, 11)      Name e               	prefix=|(|	suffix=|)|	indent=||
(3, 1)       Name d               	prefix=||	suffix=|   |	indent=||
(3, 22)      Name f               	prefix=||	suffix=| |	indent=||
(5, 5)       Name h               	prefix=||	suffix=| |	indent=||
(5, 0)       Name g               	prefix=||	suffix=| |	indent=||
(5, 12)      IfExp                	prefix=||	suffix=||	indent=||
(7, 9)       Name m               	prefix=||	suffix=| |	indent=||
(7, 2)       Tuple                	prefix=||	suffix=| |	indent=||
(7, 16)      Name n               	prefix=||	suffix=||	indent=||
(-1, -1)     Load                 	prefix=||	suffix=||	indent=||
(-1, -1)     Load                 	prefix=||	suffix=||	indent=||
(-1, -1)     Load                 	prefix=||	suffix=||	indent=||
(-1, -1)     Load                 	prefix=||	suffix=||	indent=||
(-1, -1)     Load                 	prefix=||	suffix=||	indent=||
(-1, -1)     Load                 	prefix=||	suffix=||	indent=||
(-1, -1)     Load                 	prefix=||	suffix=||	indent=||
(-1, -1)     Load                 	prefix=||	suffix=||	indent=||
(5, 17)      Name j               	prefix=||	suffix=| |	indent=||
(5, 12)      Name i               	prefix=||	suffix=| |	indent=||
(5, 24)      Name k               	prefix=||	suffix=||	indent=||
(-1, -1)     Load                 	prefix=||	suffix=||	indent=||
(7, 2)       Name l               	prefix=||	suffix=||	indent=||
(-1, -1)     Load                 	prefix=||	suffix=||	indent=||
(-1, -1)     Load                 	prefix=||	suffix=||	indent=||
(-1, -1)     Load                 	prefix=||	suffix=||	indent=||
(-1, -1)     Load                 	prefix=||	suffix=||	indent=||
(-1, -1)     Load                 	prefix=||	suffix=||	indent=||
(-1, -1)     Load                 	prefix=||	suffix=||	indent=||
