(-1, -1)     Module               	prefix=||	suffix=||	indent=||
(1, 0)       Raise                	prefix=||	suffix=|\n|	indent=||
(3, 0)       Raise                	prefix=|\n|	suffix=|\n|	indent=||
(5, 0)       TryFinally           	prefix=|\n|	suffix=||	indent=||
(16, 0)      Raise                	prefix=|\n|	suffix=|\n|	indent=||
(18, 0)      Raise                	prefix=|\n|	suffix=|\n|	indent=||
(1, 6)       Name a               	prefix=||	suffix=||	indent=||
(3, 7)       Name b               	prefix=||	suffix=||	indent=||
(5, 0)       TryExcept            	prefix=|  |	suffix=||	indent=||
(14, 2)      Expr                 	prefix=|  |	suffix=|\n|	indent=|  |
(16, 6)      Name g               	prefix=||	suffix=|  |	indent=||
(16, 12)     Name h               	prefix=||	suffix=||	indent=||
(18, 6)      Name i               	prefix=||	suffix=||	indent=||
(18, 9)      Name j               	prefix=||	suffix=||	indent=||
(18, 12)     Name k               	prefix=||	suffix=||	indent=||
(-1, -1)     Load                 	prefix=||	suffix=||	indent=||
(-1, -1)     Load                 	prefix=||	suffix=||	indent=||
(6, 2)       Expr                 	prefix=||	suffix=|\n|	indent=||
(7, 0)       ExceptHandler        	prefix=||	suffix=||	indent=||
(14, 2)      Name f               	prefix=||	suffix=||	indent=|  |
(-1, -1)     Load                 	prefix=||	suffix=||	indent=||
(-1, -1)     Load                 	prefix=||	suffix=||	indent=||
(-1, -1)     Load                 	prefix=||	suffix=||	indent=||
(-1, -1)     Load                 	prefix=||	suffix=||	indent=||
(-1, -1)     Load                 	prefix=||	suffix=||	indent=||
(6, 2)       Name c               	prefix=||	suffix=||	indent=||
(8, 2)       TryExcept            	prefix=|  |	suffix=||	indent=|  |
(12, 2)      Raise                	prefix=|  |	suffix=|\n|	indent=|  |
(-1, -1)     Load                 	prefix=||	suffix=||	indent=||
(-1, -1)     Load                 	prefix=||	suffix=||	indent=||
(9, 4)       Expr                 	prefix=|    |	suffix=|\n|	indent=|    |
(10, 2)      ExceptHandler        	prefix=|  |	suffix=||	indent=|  |
(9, 4)       Name d               	prefix=||	suffix=||	indent=|    |
(11, 4)      Raise                	prefix=|    |	suffix=|\n|	indent=|    |
(-1, -1)     Load                 	prefix=||	suffix=||	indent=||
(11, 10)     Name e               	prefix=||	suffix=||	indent=|    |
(-1, -1)     Load                 	prefix=||	suffix=||	indent=||
