(-1, -1)     Module               	prefix=||	suffix=||	indent=||
(1, 0)       Expr                 	prefix=||	suffix=|\n|	indent=||
(3, 0)       Expr                 	prefix=|\n|	suffix=|\n|	indent=||
(1, 0)       Repr                 	prefix=||	suffix=||	indent=||
(3, 0)       Repr                 	prefix=||	suffix=||	indent=||
(1, 1)       Name a               	prefix=||	suffix=||	indent=||
(3, 2)       Name b               	prefix=||	suffix=|    |	indent=||
(-1, -1)     Load                 	prefix=||	suffix=||	indent=||
(-1, -1)     Load                 	prefix=||	suffix=||	indent=||
