(-1, -1)     Module               	prefix=||	suffix=||	indent=||
(1, 5)       With                 	prefix=||	suffix=||	indent=||
(4, 8)       With                 	prefix=|\n|	suffix=||	indent=||
(7, 5)       With                 	prefix=|\n|	suffix=||	indent=||
(1, 5)       Name a               	prefix=||	suffix=||	indent=||
(2, 2)       Expr                 	prefix=|  |	suffix=|\n|	indent=|  |
(4, 8)       Name c               	prefix=||	suffix=|   |	indent=||
(4, 18)      Name d               	prefix=||	suffix=|       |	indent=||
(5, 2)       Expr                 	prefix=|  |	suffix=|\n|	indent=|  |
(7, 5)       Name e               	prefix=||	suffix=||	indent=||
(7, 8)       With                 	prefix=||	suffix=||	indent=||
(-1, -1)     Load                 	prefix=||	suffix=||	indent=||
(2, 2)       Name b               	prefix=||	suffix=||	indent=|  |
(-1, -1)     Load                 	prefix=||	suffix=||	indent=||
(-1, -1)     Store                	prefix=||	suffix=||	indent=||
(5, 2)       Name e               	prefix=||	suffix=||	indent=|  |
(-1, -1)     Load                 	prefix=||	suffix=||	indent=||
(7, 8)       Name f               	prefix=||	suffix=| |	indent=||
(7, 13)      Name g               	prefix=||	suffix=||	indent=||
(8, 7)       With                 	prefix=|  |	suffix=||	indent=|  |
(-1, -1)     Load                 	prefix=||	suffix=||	indent=||
(-1, -1)     Load                 	prefix=||	suffix=||	indent=||
(-1, -1)     Load                 	prefix=||	suffix=||	indent=||
(-1, -1)     Store                	prefix=||	suffix=||	indent=||
(8, 7)       Name h               	prefix=||	suffix=| |	indent=|  |
(8, 12)      Name i               	prefix=||	suffix=||	indent=|  |
(9, 4)       Expr                 	prefix=|    |	suffix=|\n|	indent=|    |
(-1, -1)     Load                 	prefix=||	suffix=||	indent=||
(-1, -1)     Store                	prefix=||	suffix=||	indent=||
(9, 4)       Name j               	prefix=||	suffix=||	indent=|    |
(-1, -1)     Load                 	prefix=||	suffix=||	indent=||
