(-1, -1)     Module               	prefix=||	suffix=||	indent=||
(1, 0)       FunctionDef a        	prefix=||	suffix=||	indent=||
(4, 0)       FunctionDef c        	prefix=|\n|	suffix=||	indent=||
(-1, -1)     arguments            	prefix=||	suffix=||	indent=||
(2, 2)       Expr                 	prefix=|  |	suffix=|\n|	indent=|  |
(-1, -1)     arguments            	prefix=||	suffix=||	indent=||
(5, 2)       Expr                 	prefix=|  |	suffix=|\n|	indent=|  |
(2, 2)       Yield                	prefix=||	suffix=||	indent=|  |
(5, 2)       Yield                	prefix=||	suffix=||	indent=|  |
(2, 8)       Name b               	prefix=||	suffix=||	indent=|  |
(5, 11)      Name d               	prefix=||	suffix=||	indent=|  |
(-1, -1)     Load                 	prefix=||	suffix=||	indent=||
(-1, -1)     Load                 	prefix=||	suffix=||	indent=||
