(-1, -1)     Module               	prefix=||	suffix=||	indent=||
(1, 0)       Expr                 	prefix=||	suffix=|\n|	indent=||
(3, 0)       Expr                 	prefix=|\n|	suffix=|\n|	indent=||
(5, 0)       Expr                 	prefix=|\n|	suffix=|\n|	indent=||
(7, 0)       Expr                 	prefix=|\n|	suffix=|\n|	indent=||
(9, 0)       Expr                 	prefix=|\n|	suffix=|\n|	indent=||
(11, 0)      Expr                 	prefix=|\n|	suffix=|\n|	indent=||
(13, 0)      Expr                 	prefix=|\n|	suffix=|\n|	indent=||
(15, 0)      Expr                 	prefix=|\n|	suffix=|\n|	indent=||
(17, 0)      Expr                 	prefix=|\n|	suffix=|\n|	indent=||
(19, 0)      Expr                 	prefix=|\n|	suffix=|\n|	indent=||
(21, 0)      Expr                 	prefix=|\n|	suffix=|\n|	indent=||
(23, 0)      Expr                 	prefix=|\n|	suffix=|\n|	indent=||
(1, 0)       Num                  	prefix=||	suffix=||	indent=||
(3, 0)       Num                  	prefix=||	suffix=||	indent=||
(5, 0)       Num                  	prefix=||	suffix=||	indent=||
(7, 0)       Num                  	prefix=||	suffix=||	indent=||
(9, 1)       Num                  	prefix=|(|	suffix=|)|	indent=||
(11, 0)      Num                  	prefix=||	suffix=||	indent=||
(13, 0)      Num                  	prefix=||	suffix=||	indent=||
(15, 0)      Num                  	prefix=||	suffix=||	indent=||
(17, 0)      Num                  	prefix=||	suffix=||	indent=||
(19, 0)      UnaryOp              	prefix=||	suffix=||	indent=||
(21, 0)      Num                  	prefix=||	suffix=||	indent=||
(23, 0)      UnaryOp              	prefix=||	suffix=||	indent=||
(-1, -1)     USub                 	prefix=||	suffix=||	indent=||
(19, 1)      Num                  	prefix=||	suffix=||	indent=||
(-1, -1)     USub                 	prefix=||	suffix=||	indent=||
(23, 1)      Num                  	prefix=||	suffix=||	indent=||
