(-1, -1)     Module               	prefix=||	suffix=||	indent=||
(1, 0)       ImportFrom a         	prefix=||	suffix=|\n|	indent=||
(3, 0)       ImportFrom c         	prefix=|\n|	suffix=|\n|	indent=||
(5, 0)       ImportFrom           	prefix=|\n|	suffix=|\n|	indent=||
(7, 0)       ImportFrom g.h.i     	prefix=|\n|	suffix=|\n|	indent=||
(9, 0)       ImportFrom           	prefix=|\n|	suffix=|\n|	indent=||
(11, 0)      ImportFrom m         	prefix=|\n|	suffix=|\n|	indent=||
(13, 0)      ImportFrom o         	prefix=|\n|	suffix=|\n|	indent=||
(15, 0)      ImportFrom           	prefix=|\n|	suffix=|\n|	indent=||
(17, 0)      ImportFrom           	prefix=|\n|	suffix=|\n|	indent=||
(-1, -1)     alias b              	prefix=||	suffix=||	indent=||
(-1, -1)     alias d              	prefix=||	suffix=||	indent=||
(-1, -1)     alias f              	prefix=||	suffix=||	indent=||
(-1, -1)     alias j              	prefix=||	suffix=||	indent=||
(-1, -1)     alias l              	prefix=||	suffix=||	indent=||
(-1, -1)     alias n              	prefix=||	suffix=||	indent=||
(-1, -1)     alias p              	prefix=||	suffix=||	indent=||
(-1, -1)     alias q              	prefix=||	suffix=||	indent=||
(-1, -1)     alias s              	prefix=||	suffix=||	indent=||
