(-1, -1)     Module               	prefix=||	suffix=||	indent=||
(1, 0)       Expr                 	prefix=||	suffix=|\n|	indent=||
(1, 0)       Call                 	prefix=||	suffix=||	indent=||
(1, 0)       Name foo             	prefix=||	suffix=||	indent=||
(1, 4)       Compare              	prefix=||	suffix=||	indent=||
(-1, -1)     Load                 	prefix=||	suffix=||	indent=||
(1, 5)       Tuple                	prefix=|(|	suffix=|)|	indent=||
(-1, -1)     Eq                   	prefix=| |	suffix=| |	indent=||
(1, 14)      Name c               	prefix=||	suffix=||	indent=||
(1, 5)       Name a               	prefix=||	suffix=||	indent=||
(1, 8)       Name b               	prefix=||	suffix=||	indent=||
(-1, -1)     Load                 	prefix=||	suffix=||	indent=||
(-1, -1)     Load                 	prefix=||	suffix=||	indent=||
(-1, -1)     Load                 	prefix=||	suffix=||	indent=||
(-1, -1)     Load                 	prefix=||	suffix=||	indent=||
