(-1, -1)     Module               	prefix=||	suffix=||	indent=||
(1, 0)       Expr                 	prefix=||	suffix=|\n|	indent=||
(3, 0)       Expr                 	prefix=|\n|	suffix=|\n|	indent=||
(5, 0)       Expr                 	prefix=|\n|	suffix=|\n|	indent=||
(7, 0)       Expr                 	prefix=|\n|	suffix=|\n|	indent=||
(9, 0)       Expr                 	prefix=|\n|	suffix=|\n|	indent=||
(1, 0)       BoolOp               	prefix=||	suffix=||	indent=||
(3, 0)       BoolOp               	prefix=||	suffix=||	indent=||
(5, 0)       BoolOp               	prefix=||	suffix=||	indent=||
(7, 0)       BoolOp               	prefix=||	suffix=||	indent=||
(9, 0)       BoolOp               	prefix=||	suffix=||	indent=||
(-1, -1)     And                  	prefix=||	suffix=||	indent=||
(1, 0)       Name a               	prefix=||	suffix=| |	indent=||
(1, 6)       Name b               	prefix=||	suffix=||	indent=||
(-1, -1)     Or                   	prefix=||	suffix=||	indent=||
(3, 0)       Name c               	prefix=||	suffix=| |	indent=||
(3, 5)       Name d               	prefix=||	suffix=||	indent=||
(-1, -1)     Or                   	prefix=||	suffix=||	indent=||
(5, 1)       BoolOp               	prefix=|(|	suffix=|)|	indent=||
(5, 20)      Name h               	prefix=||	suffix=||	indent=||
(-1, -1)     Or                   	prefix=||	suffix=||	indent=||
(7, 0)       BoolOp               	prefix=||	suffix=||	indent=||
(7, 20)      Name k               	prefix=|(|	suffix=|)|	indent=||
(-1, -1)     Or                   	prefix=||	suffix=||	indent=||
(9, 0)       BoolOp               	prefix=||	suffix=||	indent=||
(9, 29)      Name o               	prefix=||	suffix=||	indent=||
(-1, -1)     Load                 	prefix=||	suffix=||	indent=||
(-1, -1)     Load                 	prefix=||	suffix=||	indent=||
(-1, -1)     Load                 	prefix=||	suffix=||	indent=||
(-1, -1)     Load                 	prefix=||	suffix=||	indent=||
(-1, -1)     And                  	prefix=||	suffix=||	indent=||
(5, 1)       Name e               	prefix=||	suffix=| |	indent=||
(5, 8)       BoolOp               	prefix=|(|	suffix=|)|	indent=||
(-1, -1)     Load                 	prefix=||	suffix=||	indent=||
(-1, -1)     And                  	prefix=||	suffix=||	indent=||
(7, 1)       Name i               	prefix=|(|	suffix=|)|	indent=||
(7, 11)      Name j               	prefix=||	suffix=|   |	indent=||
(-1, -1)     Load                 	prefix=||	suffix=||	indent=||
(-1, -1)     And                  	prefix=||	suffix=||	indent=||
(9, 0)       Name l               	prefix=||	suffix=| |	indent=||
(9, 8)       Name m               	prefix=||	suffix=|        |	indent=||
(9, 22)      Name n               	prefix=||	suffix=|  |	indent=||
(-1, -1)     Load                 	prefix=||	suffix=||	indent=||
(-1, -1)     Load                 	prefix=||	suffix=||	indent=||
(-1, -1)     Or                   	prefix=||	suffix=||	indent=||
(5, 8)       Name f               	prefix=||	suffix=| |	indent=||
(5, 13)      Name g               	prefix=||	suffix=||	indent=||
(-1, -1)     Load                 	prefix=||	suffix=||	indent=||
(-1, -1)     Load                 	prefix=||	suffix=||	indent=||
(-1, -1)     Load                 	prefix=||	suffix=||	indent=||
(-1, -1)     Load                 	prefix=||	suffix=||	indent=||
(-1, -1)     Load                 	prefix=||	suffix=||	indent=||
(-1, -1)     Load                 	prefix=||	suffix=||	indent=||
(-1, -1)     Load                 	prefix=||	suffix=||	indent=||
