(-1, -1)     Module               	prefix=||	suffix=||	indent=||
(1, 0)       Expr                 	prefix=||	suffix=|\n|	indent=||
(3, 0)       Expr                 	prefix=|\n|	suffix=|\n|	indent=||
(5, 0)       Expr                 	prefix=|\n|	suffix=|\n|	indent=||
(1, 0)       Attribute b          	prefix=||	suffix=||	indent=||
(3, 0)       Attribute d          	prefix=||	suffix=||	indent=||
(5, 2)       Attribute f          	prefix=||	suffix=||	indent=||
(1, 0)       Name a               	prefix=||	suffix=||	indent=||
(-1, -1)     Load                 	prefix=||	suffix=||	indent=||
(3, 0)       Name c               	prefix=||	suffix=|  |	indent=||
(-1, -1)     Load                 	prefix=||	suffix=||	indent=||
(5, 2)       Name e               	prefix=|( |	suffix=| )|	indent=||
(-1, -1)     Load                 	prefix=||	suffix=||	indent=||
(-1, -1)     Load                 	prefix=||	suffix=||	indent=||
(-1, -1)     Load                 	prefix=||	suffix=||	indent=||
(-1, -1)     Load                 	prefix=||	suffix=||	indent=||
