(-1, -1)     Module               	prefix=||	suffix=||	indent=||
(1, 0)       Expr                 	prefix=||	suffix=|\n|	indent=||
(3, 0)       Expr                 	prefix=|\n|	suffix=|\n|	indent=||
(5, 0)       Expr                 	prefix=|\n|	suffix=|\n|	indent=||
(7, 0)       Expr                 	prefix=|\n|	suffix=|\n|	indent=||
(9, 0)       Expr                 	prefix=|\n|	suffix=|\n|	indent=||
(11, 0)      Expr                 	prefix=|\n|	suffix=|\n|	indent=||
(13, 0)      Expr                 	prefix=|\n|	suffix=|\n|	indent=||
(1, 0)       Call                 	prefix=||	suffix=||	indent=||
(3, 0)       Call                 	prefix=||	suffix=||	indent=||
(5, 0)       Call                 	prefix=||	suffix=||	indent=||
(7, 0)       Call                 	prefix=||	suffix=||	indent=||
(9, 0)       Call                 	prefix=||	suffix=||	indent=||
(11, 0)      Call                 	prefix=||	suffix=||	indent=||
(13, 1)      Call                 	prefix=|(|	suffix=|)|	indent=||
(1, 0)       Name a               	prefix=||	suffix=||	indent=||
(1, 2)       Name b               	prefix=||	suffix=||	indent=||
(3, 0)       Name c               	prefix=||	suffix=||	indent=||
(3, 2)       Name d               	prefix=||	suffix=||	indent=||
(3, 5)       Name e               	prefix=||	suffix=||	indent=||
(3, 13)      Starred              	prefix=||	suffix=||	indent=||
(-1, -1)     keyword f            	prefix=||	suffix=||	indent=||
(-1, -1)     keyword              	prefix=||	suffix=||	indent=||
(5, 0)       Name h               	prefix=||	suffix=|  |	indent=||
(5, 6)       Name i               	prefix=||	suffix=| |	indent=||
(5, 10)      Starred              	prefix=||	suffix=||	indent=||
(-1, -1)     keyword k            	prefix=||	suffix=||	indent=||
(-1, -1)     keyword m            	prefix=||	suffix=||	indent=||
(-1, -1)     keyword              	prefix=||	suffix=||	indent=||
(7, 0)       Name p               	prefix=||	suffix=||	indent=||
(7, 2)       Name q               	prefix=||	suffix=||	indent=||
(7, 5)       Name r               	prefix=||	suffix=||	indent=||
(-1, -1)     keyword s            	prefix=||	suffix=||	indent=||
(-1, -1)     keyword u            	prefix=||	suffix=||	indent=||
(9, 1)       Name q               	prefix=|(|	suffix=|)|	indent=||
(9, 4)       Name r               	prefix=||	suffix=||	indent=||
(9, 7)       Name s               	prefix=||	suffix=||	indent=||
(11, 0)      Name t               	prefix=||	suffix=||	indent=||
(-1, -1)     keyword u            	prefix=||	suffix=||	indent=||
(13, 1)      Name w               	prefix=||	suffix=||	indent=||
(14, 2)      Name x               	prefix=||	suffix=||	indent=||
(-1, -1)     Load                 	prefix=||	suffix=||	indent=||
(-1, -1)     Load                 	prefix=||	suffix=||	indent=||
(-1, -1)     Load                 	prefix=||	suffix=||	indent=||
(-1, -1)     Load                 	prefix=||	suffix=||	indent=||
(-1, -1)     Load                 	prefix=||	suffix=||	indent=||
(3, 14)      Name args            	prefix=||	suffix=||	indent=||
(-1, -1)     Load                 	prefix=||	suffix=||	indent=||
(3, 10)      Name g               	prefix=||	suffix=||	indent=||
(3, 22)      Name kwargs          	prefix=||	suffix=||	indent=||
(-1, -1)     Load                 	prefix=||	suffix=||	indent=||
(-1, -1)     Load                 	prefix=||	suffix=||	indent=||
(5, 13)      Name j               	prefix=||	suffix=|   |	indent=||
(-1, -1)     Load                 	prefix=||	suffix=||	indent=||
(5, 22)      Name l               	prefix=| |	suffix=||	indent=||
(5, 27)      Name n               	prefix=| |	suffix=|  |	indent=||
(5, 33)      Name o               	prefix=||	suffix=||	indent=||
(-1, -1)     Load                 	prefix=||	suffix=||	indent=||
(-1, -1)     Load                 	prefix=||	suffix=||	indent=||
(-1, -1)     Load                 	prefix=||	suffix=||	indent=||
(7, 10)      Name t               	prefix=||	suffix=||	indent=||
(7, 16)      Name v               	prefix=||	suffix=| |	indent=||
(-1, -1)     Load                 	prefix=||	suffix=||	indent=||
(-1, -1)     Load                 	prefix=||	suffix=||	indent=||
(-1, -1)     Load                 	prefix=||	suffix=||	indent=||
(-1, -1)     Load                 	prefix=||	suffix=||	indent=||
(11, 4)      Name v               	prefix=||	suffix=||	indent=||
(-1, -1)     Load                 	prefix=||	suffix=||	indent=||
(-1, -1)     Load                 	prefix=||	suffix=||	indent=||
(-1, -1)     Load                 	prefix=||	suffix=||	indent=||
(-1, -1)     Load                 	prefix=||	suffix=||	indent=||
(-1, -1)     Load                 	prefix=||	suffix=||	indent=||
(-1, -1)     Load                 	prefix=||	suffix=||	indent=||
(-1, -1)     Load                 	prefix=||	suffix=||	indent=||
(-1, -1)     Load                 	prefix=||	suffix=||	indent=||
(-1, -1)     Load                 	prefix=||	suffix=||	indent=||
(-1, -1)     Load                 	prefix=||	suffix=||	indent=||
(-1, -1)     Load                 	prefix=||	suffix=||	indent=||
(-1, -1)     Load                 	prefix=||	suffix=||	indent=||
