(-1, -1)     Module               	prefix=||	suffix=||	indent=||
(1, 0)       Expr                 	prefix=||	suffix=|\n|	indent=||
(3, 0)       Expr                 	prefix=|\n|	suffix=|\n|	indent=||
(5, 0)       Expr                 	prefix=|\n|	suffix=|\n|	indent=||
(7, 0)       Expr                 	prefix=|\n|	suffix=|\n|	indent=||
(9, 0)       Expr                 	prefix=|\n|	suffix=|\n|	indent=||
(1, 0)       Set                  	prefix=||	suffix=||	indent=||
(3, 0)       Set                  	prefix=||	suffix=||	indent=||
(5, 0)       Set                  	prefix=||	suffix=||	indent=||
(7, 0)       Set                  	prefix=||	suffix=||	indent=||
(9, 0)       Set                  	prefix=||	suffix=||	indent=||
(1, 1)       Name a               	prefix=||	suffix=||	indent=||
(1, 3)       Name b               	prefix=||	suffix=||	indent=||
(1, 5)       Name c               	prefix=||	suffix=||	indent=||
(3, 3)       Name d               	prefix=||	suffix=| |	indent=||
(5, 1)       Name e               	prefix=||	suffix=||	indent=||
(5, 6)       Name f               	prefix=||	suffix=|  |	indent=||
(5, 10)      Name g               	prefix=||	suffix=| |	indent=||
(7, 1)       Name h               	prefix=||	suffix=||	indent=||
(7, 4)       Name i               	prefix=||	suffix=||	indent=||
(9, 1)       Name j               	prefix=||	suffix=||	indent=||
(-1, -1)     Load                 	prefix=||	suffix=||	indent=||
(-1, -1)     Load                 	prefix=||	suffix=||	indent=||
(-1, -1)     Load                 	prefix=||	suffix=||	indent=||
(-1, -1)     Load                 	prefix=||	suffix=||	indent=||
(-1, -1)     Load                 	prefix=||	suffix=||	indent=||
(-1, -1)     Load                 	prefix=||	suffix=||	indent=||
(-1, -1)     Load                 	prefix=||	suffix=||	indent=||
(-1, -1)     Load                 	prefix=||	suffix=||	indent=||
(-1, -1)     Load                 	prefix=||	suffix=||	indent=||
(-1, -1)     Load                 	prefix=||	suffix=||	indent=||
