(-1, -1)     Module               	prefix=||	suffix=||	indent=||
(1, 0)       FunctionDef a        	prefix=||	suffix=||	indent=||
(4, 0)       FunctionDef e        	prefix=|\n|	suffix=||	indent=||
(7, 0)       FunctionDef i        	prefix=|\n|	suffix=||	indent=||
(10, 0)      FunctionDef s        	prefix=|\n|	suffix=||	indent=||
(-1, -1)     arguments            	prefix=||	suffix=||	indent=||
(2, 2)       Expr                 	prefix=|  |	suffix=|\n|	indent=|  |
(-1, -1)     arguments            	prefix=||	suffix=||	indent=||
(5, 2)       Expr                 	prefix=|  |	suffix=|\n|	indent=|  |
(-1, -1)     arguments            	prefix=||	suffix=||	indent=||
(8, 2)       Expr                 	prefix=|  |	suffix=|\n|	indent=|  |
(-1, -1)     arguments            	prefix=||	suffix=||	indent=||
(11, 2)      Expr                 	prefix=|  |	suffix=|\n|	indent=|  |
(1, 7)       arg b                	prefix=||	suffix=||	indent=||
(1, 10)      arg c                	prefix=| |	suffix=||	indent=||
(1, 12)      Num                  	prefix=||	suffix=||	indent=||
(2, 2)       Name d               	prefix=||	suffix=||	indent=|  |
(4, 7)       arg f                	prefix=||	suffix=||	indent=||
(4, 10)      arg g                	prefix=| |	suffix=||	indent=||
(5, 2)       Name h               	prefix=||	suffix=||	indent=|  |
(7, 9)       arg k                	prefix=||	suffix=||	indent=||
(7, 11)      Name l               	prefix=||	suffix=||	indent=||
(8, 2)       Name m               	prefix=||	suffix=||	indent=|  |
(10, 9)      arg u                	prefix=||	suffix=||	indent=||
(11, 2)      Name v               	prefix=||	suffix=||	indent=|  |
(-1, -1)     Load                 	prefix=||	suffix=||	indent=||
(-1, -1)     Load                 	prefix=||	suffix=||	indent=||
(-1, -1)     Load                 	prefix=||	suffix=||	indent=||
(-1, -1)     Load                 	prefix=||	suffix=||	indent=||
(-1, -1)     Load                 	prefix=||	suffix=||	indent=||
