(-1, -1)     Module               	prefix=||	suffix=||	indent=||
(1, 0)       Expr                 	prefix=||	suffix=|\n|	indent=||
(3, 0)       Expr                 	prefix=|\n|	suffix=|\n|	indent=||
(5, 0)       Expr                 	prefix=|\n|	suffix=|\n|	indent=||
(1, 0)       Num                  	prefix=||	suffix=||	indent=||
(3, 0)       Num                  	prefix=||	suffix=||	indent=||
(5, 0)       Num                  	prefix=||	suffix=||	indent=||
